2025-08-28 22:49:34,433 - INFO - 正在加载数据集: yangguangzhaojjj/aqua_rat_cls
2025-08-28 22:49:51,937 - INFO - 成功加载数据集，包含split: ['subset_0', 'subset_1', 'subset_2', 'subset_3', 'subset_4', 'subset_5', 'subset_6', 'subset_7', 'subset_8', 'subset_9']
2025-08-28 22:49:51,937 - INFO - Split 'subset_0': 8860 条数据
2025-08-28 22:49:52,261 - INFO -   cls字段分布: {1: 697, 2: 472, 3: 1527, 4: 1946, 5: 605, 6: 433, 7: 1325, 8: 769, 9: 868, 10: 218}
2025-08-28 22:49:52,261 - INFO - Split 'subset_1': 8860 条数据
2025-08-28 22:49:52,585 - INFO -   cls字段分布: {1: 711, 2: 470, 3: 1522, 4: 1993, 5: 623, 6: 456, 7: 1288, 8: 693, 9: 867, 10: 237}
2025-08-28 22:49:52,585 - INFO - Split 'subset_2': 8860 条数据
2025-08-28 22:49:52,911 - INFO -   cls字段分布: {1: 693, 2: 459, 3: 1559, 4: 1952, 5: 625, 6: 444, 7: 1251, 8: 716, 9: 914, 10: 247}
2025-08-28 22:49:52,911 - INFO - Split 'subset_3': 8860 条数据
2025-08-28 22:49:53,246 - INFO -   cls字段分布: {1: 731, 2: 463, 3: 1563, 4: 1924, 5: 603, 6: 450, 7: 1249, 8: 709, 9: 921, 10: 247}
2025-08-28 22:49:53,246 - INFO - Split 'subset_4': 8860 条数据
2025-08-28 22:49:53,581 - INFO -   cls字段分布: {1: 751, 2: 449, 3: 1455, 4: 1964, 5: 579, 6: 459, 7: 1328, 8: 724, 9: 909, 10: 242}
2025-08-28 22:49:53,581 - INFO - Split 'subset_5': 8860 条数据
2025-08-28 22:49:53,905 - INFO -   cls字段分布: {1: 736, 2: 463, 3: 1493, 4: 1916, 5: 613, 6: 442, 7: 1290, 8: 710, 9: 934, 10: 263}
2025-08-28 22:49:53,905 - INFO - Split 'subset_6': 8860 条数据
2025-08-28 22:49:54,212 - INFO -   cls字段分布: {1: 673, 2: 461, 3: 1562, 4: 1897, 5: 603, 6: 481, 7: 1264, 8: 702, 9: 979, 10: 238}
2025-08-28 22:49:54,212 - INFO - Split 'subset_7': 8860 条数据
2025-08-28 22:49:54,516 - INFO -   cls字段分布: {1: 689, 2: 472, 3: 1509, 4: 1943, 5: 637, 6: 392, 7: 1298, 8: 695, 9: 975, 10: 250}
2025-08-28 22:49:54,516 - INFO - Split 'subset_8': 8860 条数据
2025-08-28 22:49:54,817 - INFO -   cls字段分布: {1: 765, 2: 498, 3: 1461, 4: 2006, 5: 582, 6: 465, 7: 1205, 8: 687, 9: 930, 10: 261}
2025-08-28 22:49:54,818 - INFO - Split 'subset_9': 8860 条数据
2025-08-28 22:49:55,119 - INFO -   cls字段分布: {1: 679, 2: 466, 3: 1556, 4: 1961, 5: 619, 6: 440, 7: 1224, 8: 682, 9: 978, 10: 255}
2025-08-28 22:49:55,119 - INFO - 开始根据cls字段重新整理数据...
2025-08-28 22:49:55,120 - INFO - 处理split: subset_0
2025-08-28 22:49:55,451 - INFO - 处理split: subset_1
2025-08-28 22:49:55,778 - INFO - 处理split: subset_2
2025-08-28 22:49:56,102 - INFO - 处理split: subset_3
2025-08-28 22:49:56,483 - INFO - 处理split: subset_4
2025-08-28 22:49:56,811 - INFO - 处理split: subset_5
2025-08-28 22:49:57,142 - INFO - 处理split: subset_6
2025-08-28 22:49:57,482 - INFO - 处理split: subset_7
2025-08-28 22:49:57,829 - INFO - 处理split: subset_8
2025-08-28 22:49:58,258 - INFO - 处理split: subset_9
2025-08-28 22:49:58,602 - INFO - 总共处理 88600 条数据，其中 88600 条有效
2025-08-28 22:49:58,602 - INFO - 类别 1: 7125 条数据
2025-08-28 22:49:58,602 - INFO - 类别 2: 4673 条数据
2025-08-28 22:49:58,602 - INFO - 类别 3: 15207 条数据
2025-08-28 22:49:58,602 - INFO - 类别 4: 19502 条数据
2025-08-28 22:49:58,602 - INFO - 类别 5: 6089 条数据
2025-08-28 22:49:58,602 - INFO - 类别 6: 4462 条数据
2025-08-28 22:49:58,603 - INFO - 类别 7: 12722 条数据
2025-08-28 22:49:58,603 - INFO - 类别 8: 7087 条数据
2025-08-28 22:49:58,603 - INFO - 类别 9: 9275 条数据
2025-08-28 22:49:58,603 - INFO - 类别 10: 2458 条数据
2025-08-28 22:49:58,603 - INFO - 准备推送新split到 yangguangzhaojjj/aqua_rat_cls
2025-08-28 22:49:58,778 - INFO - 已登录 Hugging Face Hub
2025-08-28 22:49:58,778 - INFO - 创建split 'cls_1': 7125 条数据
2025-08-28 22:50:04,066 - INFO - 成功推送split 'cls_1'
2025-08-28 22:50:04,066 - INFO - 创建split 'cls_2': 4673 条数据
2025-08-28 22:50:08,277 - INFO - 成功推送split 'cls_2'
2025-08-28 22:50:08,277 - INFO - 创建split 'cls_3': 15207 条数据
2025-08-28 22:50:13,731 - INFO - 成功推送split 'cls_3'
2025-08-28 22:50:13,731 - INFO - 创建split 'cls_4': 19502 条数据
2025-08-28 22:50:18,476 - INFO - 成功推送split 'cls_4'
2025-08-28 22:50:18,476 - INFO - 创建split 'cls_5': 6089 条数据
2025-08-28 22:50:23,204 - INFO - 成功推送split 'cls_5'
2025-08-28 22:50:23,204 - INFO - 创建split 'cls_6': 4462 条数据
2025-08-28 22:50:30,059 - INFO - 成功推送split 'cls_6'
2025-08-28 22:50:30,060 - INFO - 创建split 'cls_7': 12722 条数据
2025-08-28 22:50:34,563 - INFO - 成功推送split 'cls_7'
2025-08-28 22:50:34,563 - INFO - 创建split 'cls_8': 7087 条数据
2025-08-28 22:50:38,961 - INFO - 成功推送split 'cls_8'
2025-08-28 22:50:38,961 - INFO - 创建split 'cls_9': 9275 条数据
2025-08-28 22:50:45,721 - INFO - 成功推送split 'cls_9'
2025-08-28 22:50:45,722 - INFO - 创建split 'cls_10': 2458 条数据
2025-08-28 22:50:50,048 - INFO - 成功推送split 'cls_10'
2025-08-28 22:50:50,048 - INFO - 成功推送 10 个split
2025-08-28 22:50:50,048 - INFO - 数据重新整理完成！
